Microsoft Windows [Version 10.0.16299.98]
(c) 2017 Microsoft Corporation. All rights reserved.

C:\Users\Pritam>E:

E:\>cd E:\Code\Java\HerokuJava\PHP

E:\Code\Java\HerokuJava\PHP>heroku
Enter your Heroku credentials.
Email: pritamkhose@gmail.com
Password (typing will be hidden):
 !    HTTP Error: https://api.heroku.com/login 400 Bad Request
 !    Invalid response from API.
 !    HTTP 400
 !    {pritamkhose@gmail.com Pritam@4}
 !
 !    Are you behind a proxy?
 !    https://devcenter.heroku.com/articles/using-the-cli#using-an-http-proxy

E:\Code\Java\HerokuJava\PHP>heroku
Enter your Heroku credentials.
Email: pritamkhose1@gmail.com
Password (typing will be hidden):
 !    HTTP Error: https://api.heroku.com/login 400 Bad Request
 !    Invalid response from API.
 !    HTTP 400
 !    {pritamkhose1@gmail.com pritam@4}
 !
 !    Are you behind a proxy?
 !    https://devcenter.heroku.com/articles/using-the-cli#using-an-http-proxy

E:\Code\Java\HerokuJava\PHP>heroku
Enter your Heroku credentials.
Email: pritamkhose1@gmail.com
Password (typing will be hidden):
 !    HTTP Error: https://api.heroku.com/login 400 Bad Request
 !    Invalid response from API.
 !    HTTP 400
 !    {pritamkhose1@gmail.com pritam@4}
 !
 !    Are you behind a proxy?
 !    https://devcenter.heroku.com/articles/using-the-cli#using-an-http-proxy

E:\Code\Java\HerokuJava\PHP>heroku login
Enter your Heroku credentials:
Email: pritamkhose1@gmail.com
Password: ********
Logged in as pritamkhose1@gmail.com

E:\Code\Java\HerokuJava\PHP>php -v
'php' is not recognized as an internal or external command,
operable program or batch file.

E:\Code\Java\HerokuJava\PHP>git --version
git version 2.8.1.windows.1

E:\Code\Java\HerokuJava\PHP>composer -V
'composer' is not recognized as an internal or external command,
operable program or batch file.

E:\Code\Java\HerokuJava\PHP>git clone https://github.com/heroku/php-getting-started.git
Cloning into 'php-getting-started'...
remote: Enumerating objects: 189, done.
remote: Total 189 (delta 0), reused 0 (delta 0), pack-reused 189
Receiving objects: 100% (189/189), 49.79 KiB | 26.00 KiB/s, done.
Resolving deltas: 100% (77/77), done.
Checking connectivity... done.

E:\Code\Java\HerokuJava\PHP>cd php-getting-started

E:\Code\Java\HerokuJava\PHP\php-getting-started>heroku create
Creating app... !
 !    You've reached the limit of 5 apps for unverified accounts. Delete some apps or add a credit card to verify your
 !    account.

E:\Code\Java\HerokuJava\PHP\php-getting-started>heroku create
Creating app... done, stark-plains-47033
https://stark-plains-47033.herokuapp.com/ | https://git.heroku.com/stark-plains-47033.git

E:\Code\Java\HerokuJava\PHP\php-getting-started>git push heroku master
Counting objects: 178, done.
Delta compression using up to 4 threads.
Compressing objects: 100% (95/95), done.
Writing objects: 100% (178/178), 48.02 KiB | 0 bytes/s, done.
Total 178 (delta 69), reused 178 (delta 69)
remote: Compressing source files... done.
remote: Building source:
remote:
remote: -----> PHP app detected
remote: -----> Bootstrapping...
remote: -----> Installing platform packages...
remote:        NOTICE: No runtime required in composer.json; requirements
remote:        from dependencies in composer.lock will be used for selection
remote:        - php (7.3.8)
remote:        - apache (2.4.41)
remote:        - nginx (1.16.0)
remote: -----> Installing dependencies...
remote:        Composer version 1.9.0 2019-08-02 20:55:32
remote:        Loading composer repositories with package information
remote:        Installing dependencies from lock file
remote:        Package operations: 12 installs, 0 updates, 0 removals
remote:          - Installing psr/log (1.0.2): Downloading (100%)
remote:          - Installing monolog/monolog (1.22.1): Downloading (100%)
remote:          - Installing symfony/routing (v3.2.7): Downloading (100%)
remote:          - Installing symfony/polyfill-mbstring (v1.3.0): Downloading (100%)
remote:          - Installing symfony/http-foundation (v3.2.7): Downloading (100%)
remote:          - Installing symfony/event-dispatcher (v3.2.7): Downloading (100%)
remote:          - Installing symfony/debug (v3.2.7): Downloading (100%)
remote:          - Installing symfony/http-kernel (v3.2.7): Downloading (100%)
remote:          - Installing pimple/pimple (v3.0.2): Downloading (100%)
remote:          - Installing silex/silex (v2.0.4): Downloading (100%)
remote:          - Installing twig/twig (v2.3.0): Downloading (100%)
remote:          - Installing symfony/twig-bridge (v3.2.7): Downloading (100%)
remote:        Generating optimized autoload files
remote: -----> Preparing runtime environment...
remote: -----> Checking for additional extensions to install...
remote: -----> Discovering process types
remote:        Procfile declares types -> web
remote:
remote: -----> Compressing...
remote:        Done: 16.6M
remote: -----> Launching...
remote:        Released v3
remote:        https://stark-plains-47033.herokuapp.com/ deployed to Heroku
remote:
remote: Verifying deploy... done.
To https://git.heroku.com/stark-plains-47033.git
 * [new branch]      master -> master

E:\Code\Java\HerokuJava\PHP\php-getting-started>heroku open

E:\Code\Java\HerokuJava\PHP\php-getting-started>heroku logs --tail
2019-08-29T17:14:12.145978+00:00 app[api]: Enable Logplex by user pritamkhose1@gmail.com
2019-08-29T17:14:11.813455+00:00 app[api]: Initial release by user pritamkhose1@gmail.com
2019-08-29T17:14:12.145978+00:00 app[api]: Release v2 created by user pritamkhose1@gmail.com
2019-08-29T17:14:35.000000+00:00 app[api]: Build started by user pritamkhose1@gmail.com
2019-08-29T17:14:11.813455+00:00 app[api]: Release v1 created by user pritamkhose1@gmail.com
2019-08-29T17:14:58.698755+00:00 app[api]: Release v3 created by user pritamkhose1@gmail.com
2019-08-29T17:14:58.698755+00:00 app[api]: Deploy 4f2369ca by user pritamkhose1@gmail.com
2019-08-29T17:14:58.717087+00:00 app[api]: Scaled to web@1:Free by user pritamkhose1@gmail.com
2019-08-29T17:14:59.000000+00:00 app[api]: Build succeeded
2019-08-29T17:15:00.535160+00:00 heroku[web.1]: Starting process with command `vendor/bin/heroku-php-apache2 web/`
2019-08-29T17:15:03.135378+00:00 app[web.1]: DOCUMENT_ROOT changed to 'web/'
2019-08-29T17:15:03.180352+00:00 app[web.1]: Optimizing defaults for 1X dyno...
2019-08-29T17:15:03.210417+00:00 app[web.1]: 4 processes at 128MB memory limit.
2019-08-29T17:15:03.216311+00:00 app[web.1]: Starting php-fpm...
2019-08-29T17:15:05.219678+00:00 app[web.1]: Starting httpd...
2019-08-29T17:15:05.580056+00:00 heroku[web.1]: State changed from starting to up
2019-08-29T17:15:35.596504+00:00 heroku[router]: at=info method=GET path="/" host=stark-plains-47033.herokuapp.com request_id=31a8a142-ccf2-4920-b284-bcded64dfa6d fwd="157.33.109.117" dyno=web.1 connect=1ms service=119ms status=200 bytes=7010 protocol=https
2019-08-29T17:15:35.521089+00:00 app[web.1]: [2019-08-29 17:15:35] app.INFO: Matched route "{route}". {"route":"GET_","route_parameters":{"_controller":"[object] (Closure: {})","_route":"GET_"},"request_uri":"http://stark-plains-47033.herokuapp.com/","method":"GET"} []
2019-08-29T17:15:35.521367+00:00 app[web.1]: [2019-08-29 17:15:35] app.DEBUG: > GET / [] []
2019-08-29T17:15:35.521543+00:00 app[web.1]: [2019-08-29 17:15:35] app.DEBUG: logging output. [] []
2019-08-29T17:15:35.594876+00:00 app[web.1]: [2019-08-29 17:15:35] app.DEBUG: < 200 [] []
2019-08-29T17:15:35.596413+00:00 app[web.1]: 10.157.108.182 - - [29/Aug/2019:17:15:35 +0000] "GET / HTTP/1.1" 200 6804 "-" "Mozilla/5.0 (Windows NT 10.0; Win64; x64) AppleWebKit/537.36 (KHTML, like Gecko) Chrome/76.0.3809.100 Safari/537.36
2019-08-29T17:15:37.658365+00:00 heroku[router]: at=info method=GET path="/stylesheets/main.css" host=stark-plains-47033.herokuapp.com request_id=59ea3aa1-aac2-4d72-83f8-e3ef65fffbc1 fwd="157.33.109.117" dyno=web.1 connect=1ms service=1ms status=200 bytes=836 protocol=https
2019-08-29T17:15:37.658607+00:00 app[web.1]: 10.157.108.182 - - [29/Aug/2019:17:15:37 +0000] "GET /stylesheets/main.css HTTP/1.1" 200 605 "https://stark-plains-47033.herokuapp.com/" "Mozilla/5.0 (Windows NT 10.0; Win64; x64) AppleWebKit/537.36 (KHTML, like Gecko) Chrome/76.0.3809.100 Safari/537.36
2019-08-29T17:15:42.464101+00:00 heroku[router]: at=info method=GET path="/images/lang-logo.png" host=stark-plains-47033.herokuapp.com request_id=aae66a92-c956-4c04-8131-f24021e70143 fwd="157.33.109.117" dyno=web.1 connect=1ms service=1ms status=200 bytes=1299 protocol=https
2019-08-29T17:15:42.464225+00:00 app[web.1]: 10.157.108.182 - - [29/Aug/2019:17:15:42 +0000] "GET /images/lang-logo.png HTTP/1.1" 200 1066 "https://stark-plains-47033.herokuapp.com/" "Mozilla/5.0 (Windows NT 10.0; Win64; x64) AppleWebKit/537.36 (KHTML, like Gecko) Chrome/76.0.3809.100 Safari/537.36
2019-08-29T17:15:49.562664+00:00 heroku[router]: at=info method=GET path="/favicon.ico" host=stark-plains-47033.herokuapp.com request_id=193db920-ccf2-4c75-afa5-3b7fbadf24dc fwd="157.33.109.117" dyno=web.1 connect=1ms service=10ms status=404 bytes=13259 protocol=https
2019-08-29T17:15:49.559363+00:00 app[web.1]: [2019-08-29 17:15:49] app.ERROR: Symfony\Component\HttpKernel\Exception\NotFoundHttpException: No route found for "GET /favicon.ico" (from "https://stark-plains-47033.herokuapp.com/") (uncaught exception) at /app/vendor/symfony/http-kernel/EventListener/RouterListener.php line 125 {"exception":"[object] (Symfony\\Component\\HttpKernel\\Exception\\NotFoundHttpException(code: 0): No route found for \"GET /favicon.ico\" (from \"https://stark-plains-47033.herokuapp.com/\") at /app/vendor/symfony/http-kernel/EventListener/RouterListener.php:125, Symfony\\Component\\Routing\\Exception\\ResourceNotFoundException(code: 0): No routes found for \"/favicon.ico\". at /app/vendor/symfony/routing/Matcher/UrlMatcher.php:98)"} []
2019-08-29T17:15:49.561189+00:00 app[web.1]: [2019-08-29 17:15:49] app.DEBUG: < 404 [] []
2019-08-29T17:15:49.562258+00:00 app[web.1]: 10.157.108.182 - - [29/Aug/2019:17:15:49 +0000] "GET /favicon.ico HTTP/1.1" 404 13038 "https://stark-plains-47033.herokuapp.com/" "Mozilla/5.0 (Windows NT 10.0; Win64; x64) AppleWebKit/537.36 (KHTML, like Gecko) Chrome/76.0.3809.100 Safari/537.36
2019-08-29T17:17:20.964984+00:00 app[web.1]: [2019-08-29 17:17:20] app.INFO: Matched route "{route}". {"route":"GET_","route_parameters":{"_controller":"[object] (Closure: {})","_route":"GET_"},"request_uri":"http://stark-plains-47033.herokuapp.com/","method":"GET"} []
2019-08-29T17:17:20.965237+00:00 app[web.1]: [2019-08-29 17:17:20] app.DEBUG: > GET / [] []
2019-08-29T17:17:20.965400+00:00 app[web.1]: [2019-08-29 17:17:20] app.DEBUG: logging output. [] []
2019-08-29T17:17:20.965556+00:00 app[web.1]: [2019-08-29 17:17:20] app.DEBUG: < 200 [] []
2019-08-29T17:17:20.967102+00:00 app[web.1]: 10.11.211.150 - - [29/Aug/2019:17:17:20 +0000] "GET / HTTP/1.1" 200 6804 "-" "Mozilla/5.0 (Windows NT 10.0; Win64; x64) AppleWebKit/537.36 (KHTML, like Gecko) Chrome/76.0.3809.100 Safari/537.36
2019-08-29T17:17:20.968406+00:00 heroku[router]: at=info method=GET path="/" host=stark-plains-47033.herokuapp.com request_id=6b12f325-3dbb-414e-ae7a-0bbe0a2941b9 fwd="157.33.109.117" dyno=web.1 connect=1ms service=15ms status=200 bytes=7010 protocol=https
2019-08-29T17:17:21.360650+00:00 app[web.1]: 10.180.212.177 - - [29/Aug/2019:17:17:21 +0000] "GET /stylesheets/main.css HTTP/1.1" 304 - "https://stark-plains-47033.herokuapp.com/" "Mozilla/5.0 (Windows NT 10.0; Win64; x64) AppleWebKit/537.36 (KHTML, like Gecko) Chrome/76.0.3809.100 Safari/537.36
2019-08-29T17:17:21.604720+00:00 app[web.1]: 10.11.211.150 - - [29/Aug/2019:17:17:21 +0000] "GET /images/lang-logo.png HTTP/1.1" 304 - "https://stark-plains-47033.herokuapp.com/" "Mozilla/5.0 (Windows NT 10.0; Win64; x64) AppleWebKit/537.36 (KHTML, like Gecko) Chrome/76.0.3809.100 Safari/537.36
2019-08-29T17:17:21.359815+00:00 heroku[router]: at=info method=GET path="/stylesheets/main.css" host=stark-plains-47033.herokuapp.com request_id=e5a7e71d-864f-473e-a005-611f9cefea13 fwd="157.33.109.117" dyno=web.1 connect=1ms service=3ms status=304 bytes=128 protocol=https
2019-08-29T17:17:21.605265+00:00 heroku[router]: at=info method=GET path="/images/lang-logo.png" host=stark-plains-47033.herokuapp.com request_id=973b8bf8-f1fc-43f6-9de1-4bd21ffb251c fwd="157.33.109.117" dyno=web.1 connect=1ms service=2ms status=304 bytes=128 protocol=https
^C
E:\Code\Java\HerokuJava\PHP\php-getting-started>web: vendor/bin/heroku-php-apache2 web/
'web:' is not recognized as an internal or external command,
operable program or batch file.

E:\Code\Java\HerokuJava\PHP\php-getting-started>composer -V
'composer' is not recognized as an internal or external command,
operable program or batch file.

E:\Code\Java\HerokuJava\PHP\php-getting-started>path
PATH=C:\Program Files (x86)\Common Files\Oracle\Java\javapath;C:\Windows\system32;C:\Windows;C:\Windows\System32\Wbem;C:\Windows\System32\WindowsPowerShell\v1.0\;C:\Program Files (x86)\NVIDIA Corporation\PhysX\Common;C:\Program Files\PuTTY\;C:\Program Files\Git\cmd;C:\Program Files\nodejs\;C:\Program Files\dotnet\;C:\Program Files\Dart\dart-sdk\bin;F:\MATLABR2014a\runtime\win64;F:\MATLABR2014a\bin;F:\MATLAB\MATLAB Production Server\R2014a\runtime\win64;F:\MATLAB\MATLAB Production Server\R2014a\bin;F:\MATLAB\MATLAB Production Server\R2014a\polyspace\bin;F:\MATLABR2014a\polyspace\bin;C:\Program Files (x86)\Git\cmd;C:\ProgramData\chocolatey\bin;C:\Program Files\AdoptOpenJDK\jdk8u192-b12\bin;C:\Program Files\Java\jdk1.8.0_211\bin;C:\Android\android-sdk\tools;C:\Android\android-sdk\platform-tools;C:\Android\android-sdk\tools\bin;C:\Users\Pritam\AppData\Local\Microsoft\WindowsApps;C:\Users\Pritam\AppData\Local\GitHubDesktop\bin;C:\Program Files\Heroku\bin;C:\Users\Pritam\AppData\Local\Programs\Microsoft VS Code\bin;C:\Users\Pritam\AppData\Roaming\npm;E:\Software\AndroidStudio\flutter\bin;E:\Software\AndroidStudio\flutter\bin\cache\dart-sdk\bin;C:\Users\Pritam\AppData\Roaming\Pub\Cache\bin;E:\Software\apache-maven-3.6.1\bin;

E:\Code\Java\HerokuJava\PHP\php-getting-started>set PATH=%PATH%;C:\composer\;

E:\Code\Java\HerokuJava\PHP\php-getting-started>path
PATH=C:\Program Files (x86)\Common Files\Oracle\Java\javapath;C:\Windows\system32;C:\Windows;C:\Windows\System32\Wbem;C:\Windows\System32\WindowsPowerShell\v1.0\;C:\Program Files (x86)\NVIDIA Corporation\PhysX\Common;C:\Program Files\PuTTY\;C:\Program Files\Git\cmd;C:\Program Files\nodejs\;C:\Program Files\dotnet\;C:\Program Files\Dart\dart-sdk\bin;F:\MATLABR2014a\runtime\win64;F:\MATLABR2014a\bin;F:\MATLAB\MATLAB Production Server\R2014a\runtime\win64;F:\MATLAB\MATLAB Production Server\R2014a\bin;F:\MATLAB\MATLAB Production Server\R2014a\polyspace\bin;F:\MATLABR2014a\polyspace\bin;C:\Program Files (x86)\Git\cmd;C:\ProgramData\chocolatey\bin;C:\Program Files\AdoptOpenJDK\jdk8u192-b12\bin;C:\Program Files\Java\jdk1.8.0_211\bin;C:\Android\android-sdk\tools;C:\Android\android-sdk\platform-tools;C:\Android\android-sdk\tools\bin;C:\Users\Pritam\AppData\Local\Microsoft\WindowsApps;C:\Users\Pritam\AppData\Local\GitHubDesktop\bin;C:\Program Files\Heroku\bin;C:\Users\Pritam\AppData\Local\Programs\Microsoft VS Code\bin;C:\Users\Pritam\AppData\Roaming\npm;E:\Software\AndroidStudio\flutter\bin;E:\Software\AndroidStudio\flutter\bin\cache\dart-sdk\bin;C:\Users\Pritam\AppData\Roaming\Pub\Cache\bin;E:\Software\apache-maven-3.6.1\bin;;C:\composer\;

E:\Code\Java\HerokuJava\PHP\php-getting-started>composer -V
'php' is not recognized as an internal or external command,
operable program or batch file.

E:\Code\Java\HerokuJava\PHP\php-getting-started>set PATH=%PATH%;E:\Software\php\;

E:\Code\Java\HerokuJava\PHP\php-getting-started>composer -V
Composer version 1.9.0 2019-08-02 20:55:32

E:\Code\Java\HerokuJava\PHP\php-getting-started>php -v
PHP 7.3.9 (cli) (built: Aug 28 2019 09:28:48) ( ZTS MSVC15 (Visual C++ 2017) x64 )
Copyright (c) 1997-2018 The PHP Group
Zend Engine v3.3.9, Copyright (c) 1998-2018 Zend Technologies

E:\Code\Java\HerokuJava\PHP\php-getting-started>require('../vendor/autoload.php');
'require' is not recognized as an internal or external command,
operable program or batch file.

E:\Code\Java\HerokuJava\PHP\php-getting-started>php require('../vendor/autoload.php');
Could not open input file: require('../vendor/autoload.php');

E:\Code\Java\HerokuJava\PHP\php-getting-started>composer update
Loading composer repositories with package information
Updating dependencies (including require-dev)
^CTerminate batch job (Y/N)?
^C
E:\Code\Java\HerokuJava\PHP\php-getting-started>

E:\Code\Java\HerokuJava\PHP\php-getting-started>

E:\Code\Java\HerokuJava\PHP\php-getting-started>

E:\Code\Java\HerokuJava\PHP\php-getting-started>

E:\Code\Java\HerokuJava\PHP\php-getting-started>

E:\Code\Java\HerokuJava\PHP\php-getting-started>

E:\Code\Java\HerokuJava\PHP\php-getting-started>

E:\Code\Java\HerokuJava\PHP\php-getting-started>

E:\Code\Java\HerokuJava\PHP\php-getting-started>

E:\Code\Java\HerokuJava\PHP\php-getting-started>

E:\Code\Java\HerokuJava\PHP\php-getting-started>composer require alrik11es/cowsayphp
Using version ^1.2 for alrik11es/cowsayphp
./composer.json has been updated
Loading composer repositories with package information
Updating dependencies (including require-dev)
^CTerminate batch job (Y/N)? y

E:\Code\Java\HerokuJava\PHP\php-getting-started>composer update
Loading composer repositories with package information
Updating dependencies (including require-dev)
Package operations: 21 installs, 0 updates, 0 removals
  - Installing alrik11es/cowsayphp (1.2.0): Downloading (100%)
  - Installing symfony/routing (v4.3.4): Downloading (100%)
  - Installing psr/log (1.1.0): Downloading (100%)
  - Installing symfony/polyfill-php73 (v1.12.0): Downloading (100%)
  - Installing symfony/polyfill-ctype (v1.12.0): Downloading (100%)
  - Installing symfony/debug (v4.3.4): Downloading (100%)
  - Installing symfony/polyfill-mbstring (v1.12.0): Downloading (100%)
  - Installing symfony/polyfill-php72 (v1.12.0): Downloading (100%)
  - Installing symfony/polyfill-intl-idn (v1.12.0): Downloading (100%)
  - Installing symfony/mime (v4.3.4): Downloading (100%)
  - Installing symfony/http-foundation (v4.3.4): Downloading (100%)
  - Installing symfony/event-dispatcher-contracts (v1.1.5): Downloading (100%)
  - Installing psr/container (1.0.0): Downloading (100%)
  - Installing symfony/event-dispatcher (v4.3.4): Downloading (100%)
  - Installing symfony/http-kernel (v4.3.4): Downloading (100%)
  - Installing pimple/pimple (v3.2.3): Downloading (100%)
  - Installing silex/silex (v2.3.0): Downloading (100%)
  - Installing monolog/monolog (1.24.0): Downloading (100%)
  - Installing twig/twig (v2.11.3): Downloading (100%)
  - Installing symfony/twig-bridge (v3.4.31): Downloading (100%)
  - Installing heroku/heroku-buildpack-php (v160): Downloading (100%)
symfony/routing suggests installing symfony/config (For using the all-in-one router or any loader)
symfony/routing suggests installing symfony/yaml (For using the YAML loader)
symfony/routing suggests installing symfony/expression-language (For using expression matching)
symfony/routing suggests installing doctrine/annotations (For using the annotation loader)
symfony/polyfill-intl-idn suggests installing ext-intl (For best performance)
symfony/event-dispatcher-contracts suggests installing psr/event-dispatcher
symfony/event-dispatcher suggests installing symfony/dependency-injection
symfony/http-kernel suggests installing symfony/browser-kit
symfony/http-kernel suggests installing symfony/config
symfony/http-kernel suggests installing symfony/console
symfony/http-kernel suggests installing symfony/dependency-injection
symfony/http-kernel suggests installing symfony/var-dumper
monolog/monolog suggests installing graylog2/gelf-php (Allow sending log messages to a GrayLog2 server)
monolog/monolog suggests installing sentry/sentry (Allow sending log messages to a Sentry server)
monolog/monolog suggests installing doctrine/couchdb (Allow sending log messages to a CouchDB server)
monolog/monolog suggests installing ruflin/elastica (Allow sending log messages to an Elastic Search server)
monolog/monolog suggests installing php-amqplib/php-amqplib (Allow sending log messages to an AMQP server using php-amqplib)
monolog/monolog suggests installing ext-amqp (Allow sending log messages to an AMQP server (1.0+ required))
monolog/monolog suggests installing ext-mongo (Allow sending log messages to a MongoDB server)
monolog/monolog suggests installing mongodb/mongodb (Allow sending log messages to a MongoDB server via PHP Driver)
monolog/monolog suggests installing aws/aws-sdk-php (Allow sending log messages to AWS services like DynamoDB)
monolog/monolog suggests installing rollbar/rollbar (Allow sending log messages to Rollbar)
monolog/monolog suggests installing php-console/php-console (Allow sending log messages to Google Chrome)
symfony/twig-bridge suggests installing symfony/finder
symfony/twig-bridge suggests installing symfony/asset (For using the AssetExtension)
symfony/twig-bridge suggests installing symfony/form (For using the FormExtension)
symfony/twig-bridge suggests installing symfony/templating (For using the TwigEngine)
symfony/twig-bridge suggests installing symfony/translation (For using the TranslationExtension)
symfony/twig-bridge suggests installing symfony/yaml (For using the YamlExtension)
symfony/twig-bridge suggests installing symfony/security (For using the SecurityExtension)
symfony/twig-bridge suggests installing symfony/stopwatch (For using the StopwatchExtension)
symfony/twig-bridge suggests installing symfony/var-dumper (For using the DumpExtension)
symfony/twig-bridge suggests installing symfony/expression-language (For using the ExpressionExtension)
symfony/twig-bridge suggests installing symfony/web-link (For using the WebLinkExtension)
Package silex/silex is abandoned, you should avoid using it. Use symfony/flex instead.
Writing lock file
Generating autoload files

E:\Code\Java\HerokuJava\PHP\php-getting-started>git add .
warning: LF will be replaced by CRLF in composer.lock.
The file will have its original line endings in your working directory.

E:\Code\Java\HerokuJava\PHP\php-getting-started>git add .

E:\Code\Java\HerokuJava\PHP\php-getting-started>git commit -m "Demo"
[master warning: LF will be replaced by CRLF in composer.lock.
The file will have its original line endings in your working directory.
warning: LF will be replaced by CRLF in composer.lock.
The file will have its original line endings in your working directory.
864ec42] Demo
warning: LF will be replaced by CRLF in composer.lock.
The file will have its original line endings in your working directory.
 5 files changed, 1004 insertions(+), 177 deletions(-)
 create mode 100644 doc/heroku cli log.txt
 create mode 100644 doc/link.txt

E:\Code\Java\HerokuJava\PHP\php-getting-started>git push heroku master
Counting objects: 9, done.
Delta compression using up to 4 threads.
Compressing objects: 100% (9/9), done.
Writing objects: 100% (9/9), 9.39 KiB | 0 bytes/s, done.
Total 9 (delta 4), reused 0 (delta 0)
remote: Compressing source files... done.
remote: Building source:
remote:
remote: -----> PHP app detected
remote: -----> Bootstrapping...
remote: -----> Installing platform packages...
remote:        NOTICE: No runtime required in composer.json; requirements
remote:        from dependencies in composer.lock will be used for selection
remote:        - php (7.3.8)
remote:        - apache (2.4.41)
remote:        - nginx (1.16.0)
remote: -----> Installing dependencies...
remote:        Composer version 1.9.0 2019-08-02 20:55:32
remote:        Loading composer repositories with package information
remote:        Installing dependencies from lock file
remote:        Package operations: 20 installs, 0 updates, 0 removals
remote:          - Installing alrik11es/cowsayphp (1.2.0): Downloading (100%)
remote:          - Installing psr/log (1.1.0): Downloading (100%)
remote:          - Installing monolog/monolog (1.24.0): Downloading (100%)
remote:          - Installing psr/container (1.0.0): Downloading (100%)
remote:          - Installing symfony/routing (v4.3.4): Downloading (100%)
remote:          - Installing symfony/polyfill-php73 (v1.12.0): Downloading (100%)
remote:          - Installing symfony/polyfill-ctype (v1.12.0): Downloading (100%)
remote:          - Installing symfony/polyfill-mbstring (v1.12.0): Downloading (100%)
remote:          - Installing symfony/polyfill-php72 (v1.12.0): Downloading (100%)
remote:          - Installing symfony/polyfill-intl-idn (v1.12.0): Downloading (100%)
remote:          - Installing symfony/mime (v4.3.4): Downloading (100%)
remote:          - Installing symfony/http-foundation (v4.3.4): Downloading (100%)
remote:          - Installing symfony/event-dispatcher-contracts (v1.1.5): Downloading (100%)
remote:          - Installing symfony/event-dispatcher (v4.3.4): Downloading (100%)
remote:          - Installing symfony/debug (v4.3.4): Downloading (100%)
remote:          - Installing symfony/http-kernel (v4.3.4): Downloading (100%)
remote:          - Installing pimple/pimple (v3.2.3): Downloading (100%)
remote:          - Installing silex/silex (v2.3.0): Downloading (100%)
remote:          - Installing twig/twig (v2.11.3): Downloading (100%)
remote:          - Installing symfony/twig-bridge (v3.4.31): Downloading (100%)
remote:        Package silex/silex is abandoned, you should avoid using it. Use symfony/flex instead.
remote:        Generating optimized autoload files
remote: -----> Preparing runtime environment...
remote: -----> Checking for additional extensions to install...
remote: -----> Discovering process types
remote:        Procfile declares types -> web
remote:
remote: -----> Compressing...
remote:        Done: 16.9M
remote: -----> Launching...
remote:        Released v4
remote:        https://stark-plains-47033.herokuapp.com/ deployed to Heroku
remote:
remote: Verifying deploy... done.
To https://git.heroku.com/stark-plains-47033.git
   4f2369c..864ec42  master -> master

E:\Code\Java\HerokuJava\PHP\php-getting-started>heroku open cowsay

E:\Code\Java\HerokuJava\PHP\php-getting-started>heroku addons:create heroku-postgresql:hobby-dev
Creating heroku-postgresql:hobby-dev on stark-plains-47033... free
Database has been created and is available
 ! This database is empty. If upgrading, you can transfer
 ! data from another database with pg:copy
Created postgresql-metric-87430 as DATABASE_URL
Use heroku addons:docs heroku-postgresql to view documentation

E:\Code\Java\HerokuJava\PHP\php-getting-started>composer require csanquer/pdo-service-provider=~1.1dev
./composer.json has been updated
Loading composer repositories with package information
Updating dependencies (including require-dev)
Package operations: 2 installs, 0 updates, 0 removals
  - Installing symfony/options-resolver (v3.0.9): Downloading (100%)
  - Installing csanquer/pdo-service-provider (dev-master 2b07fd8): Cloning 2b07fd86e1 from cache
Package silex/silex is abandoned, you should avoid using it. Use symfony/flex instead.
Writing lock file
Generating autoload files

E:\Code\Java\HerokuJava\PHP\php-getting-started>git add .
warning: LF will be replaced by CRLF in composer.lock.
The file will have its original line endings in your working directory.

E:\Code\Java\HerokuJava\PHP\php-getting-started>git add .

E:\Code\Java\HerokuJava\PHP\php-getting-started>git commit -m "added database access"
[master warning: LF will be replaced by CRLF in composer.lock.
The file will have its original line endings in your working directory.
6610939] added database access
warning: LF will be replaced by CRLF in composer.lock.
The file will have its original line endings in your working directory.
 4 files changed, 154 insertions(+), 3 deletions(-)
 create mode 100644 web/views/database.twig

E:\Code\Java\HerokuJava\PHP\php-getting-started>git push heroku master
Counting objects: 8, done.
Delta compression using up to 4 threads.
Compressing objects: 100% (8/8), done.
Writing objects: 100% (8/8), 1.96 KiB | 0 bytes/s, done.
Total 8 (delta 5), reused 0 (delta 0)
remote: Compressing source files... done.
remote: Building source:
remote:
remote: -----> PHP app detected
remote: -----> Bootstrapping...
remote: -----> Installing platform packages...
remote:        NOTICE: No runtime required in composer.json; requirements
remote:        from dependencies in composer.lock will be used for selection
remote:        - php (7.3.8)
remote:        - apache (2.4.41)
remote:        - nginx (1.16.0)
remote: -----> Installing dependencies...
remote:        Composer version 1.9.0 2019-08-02 20:55:32
remote:        Loading composer repositories with package information
remote:        Installing dependencies from lock file
remote:        Package operations: 22 installs, 0 updates, 0 removals
remote:          - Installing alrik11es/cowsayphp (1.2.0): Loading from cache
remote:          - Installing symfony/options-resolver (v3.0.9): Downloading (100%)
remote:          - Installing symfony/routing (v4.3.4): Loading from cache
remote:          - Installing symfony/polyfill-php73 (v1.12.0): Loading from cache
remote:          - Installing symfony/polyfill-ctype (v1.12.0): Loading from cache
remote:          - Installing symfony/polyfill-mbstring (v1.12.0): Loading from cache
remote:          - Installing symfony/polyfill-php72 (v1.12.0): Loading from cache
remote:          - Installing symfony/polyfill-intl-idn (v1.12.0): Loading from cache
remote:          - Installing symfony/mime (v4.3.4): Loading from cache
remote:          - Installing symfony/http-foundation (v4.3.4): Loading from cache
remote:          - Installing symfony/event-dispatcher-contracts (v1.1.5): Loading from cache
remote:          - Installing symfony/event-dispatcher (v4.3.4): Loading from cache
remote:          - Installing psr/log (1.1.0): Loading from cache
remote:          - Installing symfony/debug (v4.3.4): Loading from cache
remote:          - Installing symfony/http-kernel (v4.3.4): Loading from cache
remote:          - Installing psr/container (1.0.0): Loading from cache
remote:          - Installing pimple/pimple (v3.2.3): Loading from cache
remote:          - Installing silex/silex (v2.3.0): Loading from cache
remote:          - Installing csanquer/pdo-service-provider (dev-master 2b07fd8): Downloading (100%)
remote:          - Installing monolog/monolog (1.24.0): Loading from cache
remote:          - Installing twig/twig (v2.11.3): Loading from cache
remote:          - Installing symfony/twig-bridge (v3.4.31): Loading from cache
remote:        Package silex/silex is abandoned, you should avoid using it. Use symfony/flex instead.
remote:        Generating optimized autoload files
remote: -----> Preparing runtime environment...
remote: -----> Checking for additional extensions to install...
remote: -----> Discovering process types
remote:        Procfile declares types -> web
remote:
remote: -----> Compressing...
remote:        Done: 16.9M
remote: -----> Launching...
remote:        Released v7
remote:        https://stark-plains-47033.herokuapp.com/ deployed to Heroku
remote:
remote: Verifying deploy... done.
To https://git.heroku.com/stark-plains-47033.git
   864ec42..6610939  master -> master

E:\Code\Java\HerokuJava\PHP\php-getting-started>heroku pg:psql
--> Connecting to postgresql-metric-87430
 !    The local psql command could not be located. For help installing psql, see
 !    https://devcenter.heroku.com/articles/heroku-postgresql#local-setup

E:\Code\Java\HerokuJava\PHP\php-getting-started>heroku pg:psql help
 !    Unknown database: help. Valid options are: DATABASE_URL

E:\Code\Java\HerokuJava\PHP\php-getting-started>heroku pg:info
=== DATABASE_URL
Plan:                  Hobby-dev
Status:                Available
Connections:           0/20
PG Version:            11.5
Created:               2019-08-29 17:54 UTC
Data Size:             7.7 MB
Tables:                0
Rows:                  0/10000 (In compliance)
Fork/Follow:           Unsupported
Rollback:              Unsupported
Continuous Protection: Off
Add-on:                postgresql-metric-87430


E:\Code\Java\HerokuJava\PHP\php-getting-started>